LISTING FOR LOGIC DESCRIPTION FILE: SEVENSEGDECODER.pld              Page 1

CUPL(WM): Universal Compiler for Programmable Logic
Version 5.0a Serial# 60008009
Copyright (c) 1983, 1998 Logical Devices, Inc.
Created Fri Jan 06 18:11:34 2017

  1:Name            rJohnston;
  2:PartNo          01;
  3:Date            ;
  4:Revision        01;
  5:Designer        ;
  6:Company         University of Tulsa;
  7:Assembly        None;
  8:Location        None;
  9:Device          p22v10;
 10:
 11:/* ************* Input Pins ****************/
 12:PIN 1 = W;
 13:PIN 2 = X;
 14:PIN 3 = Y;
 15:PIN 4 = Z;
 16:/* ************* Output Pins ****************/
 17:PIN 23 = a;
 18:PIN 22 = b;
 19:PIN 21 = c;
 20:PIN 20 = d;
 21:PIN 19 = e;
 22:PIN 18 = f;
 23:PIN 17 = g;
 24:
 25:a = (!W & !X & !Y &Z) # (!W & X & !Y & !Z) # (W & X & !Y & Z) # ( W & !X & Y & Z);
 26:
 27:b = (W & X & !Z) # (!W & X & !Y & Z) # (W & Y & Z) # (X & Y & !Z);
 28:
 29:c = (W & X & !Z) # ( W & X  & Y) # (!W & !X & Y & !Z);
 30:
 31:d = (!W & X & !Y & !Z) # (!W & !Y & !X & Z) # ( X & Y & Z) # (W & !X & Y & !Z);
 32:
 33:e = (!W & Z) # (!W & X & !Y) # (!X & !Y & Z);
 34:
 35:f = (!W & !X & Z) # (!W & !X & Y) # (!W & Y & Z) # (W & X & !Y & Z);
 36:
 37:g = (!W & !X & !Y) # (!W & X & Y & Z) # (W & X & !Y & !Z);
 38:
 39:
 40:



Jedec Fuse Checksum       (ab5f)
Jedec Transmit Checksum   (e68f)
